(---------------------------------------------------------------------)
(                                                                     )
(    Allegro Netrev Import Logic                                      )
(                                                                     )
(    Drawing          : supiri_9v_v1_4.brd                            )
(    Software Version : 17.2P019                                      )
(    Date/Time        : Thu Jan 23 05:10:11 2020                      )
(                                                                     )
(---------------------------------------------------------------------)


------ Directives ------------

Ripup etch:                  Yes
Ripup delete first segment:  No
Ripup retain bondwire:       No
Ripup symbols:               Always
Missing symbol has error:    No
DRC update:                  Yes
Schematic directory:         'C:\USERS\HAMIT\DESKTOP\PCB_PROJELER\PCB_DONANIM\SUPIRI_9V_V2\allegro'
Design Directory:            '.'
Old design name:             'C:/Users/Hamit/Desktop/PCB_PROJELER/PCB_DONANIM/SUPIRI_9V_V1/allegro/supiri_9v_v1_4.brd'
New design name:             'SUPIRI_9V_V2_0.brd'

CmdLine: netrev.exe -y 1 -x -i C:\USERS\HAMIT\DESKTOP\PCB_PROJELER\PCB_DONANIM\SUPIRI_9V_V2\allegro C:\Users\Hamit\Desktop\PCB_PROJELER\PCB_DONANIM\SUPIRI_9V_V1\allegro\supiri_9v_v1_4.brd C:\USERS\HAMIT\DESKTOP\PCB_PROJELER\PCB_DONANIM\SUPIRI_9V_V2\allegro\SUPIRI_9V_V2_0.brd

------ Preparing to read pst files ------

Starting to read C:/USERS/HAMIT/DESKTOP/PCB_PROJELER/PCB_DONANIM/SUPIRI_9V_V2/allegro/pstchip.dat 
   Finished reading C:/USERS/HAMIT/DESKTOP/PCB_PROJELER/PCB_DONANIM/SUPIRI_9V_V2/allegro/pstchip.dat (00:00:00.02)
Starting to read C:/USERS/HAMIT/DESKTOP/PCB_PROJELER/PCB_DONANIM/SUPIRI_9V_V2/allegro/pstxprt.dat 
   Finished reading C:/USERS/HAMIT/DESKTOP/PCB_PROJELER/PCB_DONANIM/SUPIRI_9V_V2/allegro/pstxprt.dat (00:00:00.00)
Starting to read C:/USERS/HAMIT/DESKTOP/PCB_PROJELER/PCB_DONANIM/SUPIRI_9V_V2/allegro/pstxnet.dat 
   Finished reading C:/USERS/HAMIT/DESKTOP/PCB_PROJELER/PCB_DONANIM/SUPIRI_9V_V2/allegro/pstxnet.dat (00:00:00.00)

------ Oversights/Warnings/Errors ------


------ Library Paths ------
MODULEPATH =  . 
           C:/Cadence/Cadence/Cadence_SPB_17.2-2016/share/local/pcb/modules 

PSMPATH =  . 
           symbols 
           .. 
           ../symbols 
           C:/Cadence/Cadence/Cadence_SPB_17.2-2016/share/local/pcb/symbols 
           C:/Cadence/Cadence/Cadence_SPB_17.2-2016/share/pcb/pcb_lib/symbols 
           C:/Cadence/Cadence/Cadence_SPB_17.2-2016/share/pcb/allegrolib/symbols 

PADPATH =  . 
           symbols 
           .. 
           ../symbols 
           C:/Cadence/Cadence/Cadence_SPB_17.2-2016/share/local/pcb/padstacks 
           C:/Cadence/Cadence/Cadence_SPB_17.2-2016/share/pcb/pcb_lib/symbols 
           C:/Cadence/Cadence/Cadence_SPB_17.2-2016/share/pcb/allegrolib/symbols 


------ Summary Statistics ------


netrev run on Jan 23 5:10:11 2020
   DESIGN NAME : 'SUPIRI_9V_V2_0'
   PACKAGING ON Mar  2 2016 00:37:24

   COMPILE 'logic'
   CHECK_PIN_NAMES OFF
   CROSS_REFERENCE OFF
   FEEDBACK OFF
   INCREMENTAL OFF
   INTERFACE_TYPE PHYSICAL
   MAX_ERRORS 500
   MERGE_MINIMUM 5
   NET_NAME_CHARS '#%&()*+-./:=>?@[]^_`|'
   NET_NAME_LENGTH 24
   OVERSIGHTS ON
   REPLACE_CHECK OFF
   SINGLE_NODE_NETS ON
   SPLIT_MINIMUM 0
   SUPPRESS   20
   WARNINGS ON

 No error detected
 No oversight detected
 No warning detected

cpu time      0:00:43
elapsed time  0:00:00

